Microchip MPLAB XC8 Compiler V2.40

Linker command line:

-W-3 \
  --edf=C:\Program Files\Microchip\xc8\v2.40\pic\dat\20220703182018_en.msgs \
  -cn -h+dist/default/production\Lab4-Master.X.production.sym \
  --cmf=dist/default/production\Lab4-Master.X.production.cmf -z -Q16F887 \
  -oC:\Users\miche\AppData\Local\Temp\xcAs6eo.4 --defsym=__MPLAB_BUILD=1 \
  --fixupoverflow=error \
  -Mdist/default/production/Lab4-Master.X.production.map \
  --md=C:\Users\miche\AppData\Local\Temp\xcAs6eo.dat -E1 -ver=XC8 Compiler \
  --acfsm=1493 -ACODE=00h-07FFhx4 -ASTRCODE=00h-01FFFh -ASTRING=00h-0FFhx32 \
  -ACONST=00h-0FFhx32 -AENTRY=00h-0FFhx32 -ACOMMON=070h-07Fh \
  -ABANK0=020h-06Fh -ABANK1=0A0h-0EFh -ABANK2=0110h-016Fh \
  -ABANK3=0190h-01EFh -ARAM=020h-06Fh,0A0h-0EFh,0110h-016Fh,0190h-01EFh \
  -AABS1=020h-07Fh,0A0h-0EFh,0110h-016Fh,0190h-01EFh -ASFR0=00h-01Fh \
  -ASFR1=080h-09Fh -ASFR2=0100h-010Fh -ASFR3=0180h-018Fh \
  -ACONFIG=02007h-02008h -DCONFIG=2 -AIDLOC=02000h-02003h -DIDLOC=2 \
  -AEEDATA=00h-0FFh/02100h -peeprom_data=EEDATA -DEEDATA=2 -DCODE=2 \
  -DSTRCODE=2 -DSTRING=2 -DCONST=2 -DENTRY=2 \
  -preset_vec=00h,intentry,init,end_init -ppowerup=CODE -pcinit=CODE \
  -pfunctab=ENTRY -k C:\Users\miche\AppData\Local\Temp\xcAs6eo.o \
  dist/default/production\Lab4-Master.X.production.o 

Object code version is 3.11

Machine type is 16F887



                Name                               Link     Load   Length Selector   Space Scale
C:\Users\miche\AppData\Local\Temp\xcAs6eo.o
                end_init                              0        0        3        0       0
                config                             2007     2007        2        0       4
                idloc                              2000     2000        4        0       5
dist/default/production\Lab4-Master.X.production.o
                cinit                               7E6      7E6       1A      FCC       0
                config                             2007     2007        2        0       4
                idloc                              2000     2000        4        0       5
                text31                              133      133       22      266       0
                text30                               DF       DF       1A      1BE       0
                text29                               91       91        D      122       0
                text28                              4E9      4E9       66      9D2       0
                text27                              5CA      5CA       8D      B94       0
                text26                              1D8      1D8       35      3B0       0
                text25                              2B5      2B5       42      56A       0
                text24                              155      155       25      2AA       0
                text23                               BA       BA       12      174       0
                text22                              54F      54F       7B      A9E       0
                text21                              20D      20D       37      41A       0
                text20                               52       52        A       A4       0
                text19                               5C       5C        A       B8       0
                text18                               9E       9E        E      13C       0
                text17                              17A      17A       2F      2F4       0
                text16                               70       70        B       E0       0
                text15                               7B       7B        B       F6       0
                text14                               86       86        B      10C       0
                text13                               66       66        A       CC       0
                text12                              33B      33B       49      676       0
                text11                              3CD      3CD       5E      79A       0
                text10                              2F7      2F7       44      5EE       0
                text9                               27B      27B       3A      4F6       0
                text8                               657      657       C1      CAE       0
                text7                               489      489       60      912       0
                text6                               244      244       37      488       0
                text5                               1A9      1A9       2F      352       0
                text4                               384      384       49      708       0
                text3                               42B      42B       5E      856       0
                text2                               114      114       1F      228       0
                text1                                F9       F9       1B      1F2       0
                maintext                            718      718       CE      E30       0
                cstackBANK0                          3D       3D       14       20       1
                cstackCOMMON                         70       70        E       70       1
                clrtext                              4A       4A        8       94       0
                inittext                             CC       CC       13      198       0
                dataBANK0                            51       51        E       20       1
                bssBANK0                             20       20       1D       20       1
                strings                               3        3       28        6       0
                idataBANK0                           AC       AC        E      158       0

TOTAL           Name                               Link     Load   Length     Space
        CLASS   CODE           
                end_init                              0        0        3         0
                cinit                               7E6      7E6       1A         0
                text31                              133      133       22         0
                text30                               DF       DF       1A         0
                text29                               91       91        D         0
                text28                              4E9      4E9       66         0
                text27                              5CA      5CA       8D         0
                text26                              1D8      1D8       35         0
                text25                              2B5      2B5       42         0
                text24                              155      155       25         0
                text23                               BA       BA       12         0
                text22                              54F      54F       7B         0
                text21                              20D      20D       37         0
                text20                               52       52        A         0
                text19                               5C       5C        A         0
                text18                               9E       9E        E         0
                text17                              17A      17A       2F         0
                text16                               70       70        B         0
                text15                               7B       7B        B         0
                text14                               86       86        B         0
                text13                               66       66        A         0
                text12                              33B      33B       49         0
                text11                              3CD      3CD       5E         0
                text10                              2F7      2F7       44         0
                text9                               27B      27B       3A         0
                text8                               657      657       C1         0
                text7                               489      489       60         0
                text6                               244      244       37         0
                text5                               1A9      1A9       2F         0
                text4                               384      384       49         0
                text3                               42B      42B       5E         0
                text2                               114      114       1F         0
                text1                                F9       F9       1B         0
                maintext                            718      718       CE         0
                clrtext                              4A       4A        8         0
                inittext                             CC       CC       13         0
                idataBANK0                           AC       AC        E         0

        CLASS   STRCODE        

        CLASS   STRING         
                strings                               3        3       28         0

        CLASS   CONST          

        CLASS   ENTRY          

        CLASS   COMMON         
                cstackCOMMON                         70       70        E         1

        CLASS   BANK0          
                cstackBANK0                          3D       3D       14         1
                dataBANK0                            51       51        E         1
                bssBANK0                             20       20       1D         1

        CLASS   BANK1          

        CLASS   BANK2          

        CLASS   BANK3          

        CLASS   RAM            

        CLASS   ABS1           
                abs_s1                               7E       7E        2         1

        CLASS   SFR0           

        CLASS   SFR1           

        CLASS   SFR2           

        CLASS   SFR3           

        CLASS   CONFIG         
                config                             2007     2007        2         4

        CLASS   IDLOC          
                idloc                              2000     2000        4         5

        CLASS   EEDATA         

        CLASS   STACK          



SEGMENTS        Name                           Load    Length   Top    Selector   Space  Class     Delta

                reset_vec                      000000  000003  000003         0       0  CODE        2
                strings                        000003  000028  00002B         6       0  STRING      2
                bssBANK0                       000020  00003F  00005F        20       1  BANK0       1
                cstackCOMMON                   000070  00000E  00007E        70       1  COMMON      1
                clrtext                        00004A  000008  000052        94       0  CODE        2
                text20                         000052  00000A  00005C        A4       0  CODE        2
                text19                         00005C  00000A  000066        B8       0  CODE        2
                text13                         000066  00000A  000070        CC       0  CODE        2
                text16                         000070  00000B  00007B        E0       0  CODE        2
                text15                         00007B  00000B  000086        F6       0  CODE        2
                text14                         000086  00000B  000091       10C       0  CODE        2
                text29                         000091  00000D  00009E       122       0  CODE        2
                text18                         00009E  00000E  0000AC       13C       0  CODE        2
                idataBANK0                     0000AC  00000E  0000BA       158       0  CODE        2
                text23                         0000BA  000012  0000CC       174       0  CODE        2
                inittext                       0000CC  000013  0000DF       198       0  CODE        2
                text30                         0000DF  00001A  0000F9       1BE       0  CODE        2
                text1                          0000F9  00001B  000114       1F2       0  CODE        2
                text2                          000114  00001F  000133       228       0  CODE        2
                text31                         000133  000022  000155       266       0  CODE        2
                text24                         000155  000025  00017A       2AA       0  CODE        2
                text17                         00017A  00002F  0001A9       2F4       0  CODE        2
                text5                          0001A9  00002F  0001D8       352       0  CODE        2
                text26                         0001D8  000035  00020D       3B0       0  CODE        2
                text21                         00020D  000037  000244       41A       0  CODE        2
                text6                          000244  000037  00027B       488       0  CODE        2
                text9                          00027B  00003A  0002B5       4F6       0  CODE        2
                text25                         0002B5  000042  0002F7       56A       0  CODE        2
                text10                         0002F7  000044  00033B       5EE       0  CODE        2
                text12                         00033B  000049  000384       676       0  CODE        2
                text4                          000384  000049  0003CD       708       0  CODE        2
                text11                         0003CD  00005E  00042B       79A       0  CODE        2
                text3                          00042B  00005E  000489       856       0  CODE        2
                text7                          000489  000060  0004E9       912       0  CODE        2
                text28                         0004E9  000066  00054F       9D2       0  CODE        2
                text22                         00054F  00007B  0005CA       A9E       0  CODE        2
                text27                         0005CA  00008D  000657       B94       0  CODE        2
                text8                          000657  0000C1  000718       CAE       0  CODE        2
                maintext                       000718  0000CE  0007E6       E30       0  CODE        2
                cinit                          0007E6  00001A  000800       FCC       0  CODE        2


UNUSED ADDRESS RANGES

        Name                Unused          Largest block    Delta
        BANK0            005F-006F             11           1
        BANK1            00A0-00EF             50           1
        BANK2            0110-016F             60           1
        BANK3            0190-01EF             60           1
        CODE             002B-0049             1F           2
                         0800-1FFF            800
        CONST            002B-0049             1F           2
                         0800-1FFF            100
        EEDATA           2100-21FF            100           2
        ENTRY            002B-0049             1F           2
                         0800-1FFF            100
        RAM              005F-006F             11           1
                         00A0-00EF             50
                         0110-016F             60
                         0190-01EF             60
        SFR0             0000-001F             20           1
        SFR1             0080-009F             20           1
        SFR2             0100-010F             10           1
        SFR3             0180-018F             10           1
        STRCODE          002B-0049             1F           2
                         0800-1FFF           1800
        STRING           002B-0049             1F           2
                         0800-1FFF            100

                                  Symbol Table

?___lwdiv                 cstackCOMMON 0070
?___lwmod                 cstackCOMMON 0078
?___wmul                  cstackCOMMON 0070
?_atoi                    cstackCOMMON 0076
?_sprintf                 cstackBANK0  003D
I2C_Init_Master@sp_i2c    cstackCOMMON 0070
I2C_Write@data            cstackCOMMON 0070
Lcd_Cmd@a                 cstackCOMMON 0073
Lcd_Port@a                cstackCOMMON 0070
Lcd_Set_Cursor@a          cstackCOMMON 0076
Lcd_Set_Cursor@b          cstackCOMMON 0074
Lcd_Set_Cursor@temp       cstackCOMMON 0079
Lcd_Set_Cursor@y          cstackCOMMON 0078
Lcd_Set_Cursor@z          cstackCOMMON 0077
Lcd_Write_Char@a          cstackCOMMON 0074
Lcd_Write_Char@temp       cstackCOMMON 0072
Lcd_Write_Char@y          cstackCOMMON 0073
Lcd_Write_String@a        cstackCOMMON 0075
Lcd_Write_String@i        cstackCOMMON 007A
_ADC                      bssBANK0     0028
_ADCON1                   (abs)        009F
_ANSEL                    (abs)        0188
_ANSELH                   (abs)        0189
_Fecha                    dataBANK0    0058
_Hora                     dataBANK0    0051
_I2C_Ack                  text16       0070
_I2C_Init_Master          text2        0114
_I2C_Nack                 text15       007B
_I2C_Read                 text14       0086
_I2C_Restart              text13       0066
_I2C_Start                text20       0052
_I2C_Stop                 text19       005C
_I2C_Write                text18       009E
_Lcd_Clear                text29       0091
_Lcd_Cmd                  text30       00DF
_Lcd_Init                 text28       04E9
_Lcd_Port                 text31       0133
_Lcd_Set_Cursor           text27       05CA
_Lcd_Write_Char           text26       01D8
_Lcd_Write_String         text25       02B5
_OSCCONbits               (abs)        008F
_PIR1bits                 (abs)        000C
_PORTB                    (abs)        0006
_PORTD                    (abs)        0008
_PORTDbits                (abs)        0008
_PORTE                    (abs)        0009
_PORTEbits                (abs)        0009
_SSPADD                   (abs)        0093
_SSPBUF                   (abs)        0013
_SSPCON                   (abs)        0014
_SSPCON2                  (abs)        0091
_SSPCON2bits              (abs)        0091
_SSPSTAT                  (abs)        0094
_TRISB                    (abs)        0086
_TRISCbits                (abs)        0087
_TRISD                    (abs)        0088
_TRISDbits                (abs)        0088
_TRISE                    (abs)        0089
__Habs1                   abs1         0000
__Hbank0                  bank0        0000
__Hbank1                  bank1        0000
__Hbank2                  bank2        0000
__Hbank3                  bank3        0000
__HbssBANK0               bssBANK0     0000
__Hcinit                  cinit        0800
__Hclrtext                clrtext      0000
__Hcode                   code         0000
__Hcommon                 common       0000
__Hconfig                 config       2009
__HcstackBANK0            cstackBANK0  0000
__HcstackCOMMON           cstackCOMMON 0000
__HdataBANK0              dataBANK0    0000
__Heeprom_data            eeprom_data  0000
__Hend_init               end_init     0003
__Hfunctab                functab      0000
__HidataBANK0             idataBANK0   0000
__Hidloc                  idloc        2004
__Hinit                   init         0000
__Hinittext               inittext     0000
__Hintentry               intentry     0000
__Hmaintext               maintext     0000
__Hpowerup                powerup      0000
__Hram                    ram          0000
__Hreset_vec              reset_vec    0000
__Hsfr0                   sfr0         0000
__Hsfr1                   sfr1         0000
__Hsfr2                   sfr2         0000
__Hsfr3                   sfr3         0000
__Hspace_0                (abs)        0800
__Hspace_1                (abs)        007E
__Hspace_2                (abs)        0000
__Hspace_3                (abs)        0000
__Hspace_4                (abs)        4010
__Hstack                  stack        0000
__Hstrings                strings      0000
__Htext                   text         0000
__Labs1                   abs1         0000
__Lbank0                  bank0        0000
__Lbank1                  bank1        0000
__Lbank2                  bank2        0000
__Lbank3                  bank3        0000
__LbssBANK0               bssBANK0     0000
__Lcinit                  cinit        07E6
__Lclrtext                clrtext      0000
__Lcode                   code         0000
__Lcommon                 common       0000
__Lconfig                 config       0000
__LcstackBANK0            cstackBANK0  0000
__LcstackCOMMON           cstackCOMMON 0000
__LdataBANK0              dataBANK0    0000
__Leeprom_data            eeprom_data  0000
__Lend_init               end_init     0000
__Lfunctab                functab      0000
__LidataBANK0             idataBANK0   0000
__Lidloc                  idloc        0000
__Linit                   init         0000
__Linittext               inittext     0000
__Lintentry               intentry     0000
__Lmaintext               maintext     0000
__Lpowerup                powerup      0000
__Lram                    ram          0000
__Lreset_vec              reset_vec    0000
__Lsfr0                   sfr0         0000
__Lsfr1                   sfr1         0000
__Lsfr2                   sfr2         0000
__Lsfr3                   sfr3         0000
__Lspace_0                (abs)        0000
__Lspace_1                (abs)        0000
__Lspace_2                (abs)        0000
__Lspace_3                (abs)        0000
__Lspace_4                (abs)        0000
__Lstack                  stack        0000
__Lstrings                strings      0000
__Ltext                   text         0000
__S0                      (abs)        0800
__S1                      (abs)        007E
__S3                      (abs)        0000
___int_sp                 stack        0000
___latbits                (abs)        0002
___lwdiv                  text10       02F7
___lwdiv@counter          cstackCOMMON 0077
___lwdiv@dividend         cstackCOMMON 0072
___lwdiv@divisor          cstackCOMMON 0070
___lwdiv@quotient         cstackCOMMON 0075
___lwmod                  text9        027B
___lwmod@counter          cstackCOMMON 007D
___lwmod@dividend         cstackCOMMON 007A
___lwmod@divisor          cstackCOMMON 0078
___sp                     stack        0000
___stackhi                (abs)        0000
___stacklo                (abs)        0000
___wmul                   text24       0155
___wmul@multiplicand      cstackCOMMON 0072
___wmul@multiplier        cstackCOMMON 0070
___wmul@product           cstackCOMMON 0074
__end_of_I2C_Ack          text16       007B
__end_of_I2C_Init_Master  text2        0133
__end_of_I2C_Nack         text15       0086
__end_of_I2C_Read         text14       0091
__end_of_I2C_Restart      text13       0070
__end_of_I2C_Start        text20       005C
__end_of_I2C_Stop         text19       0066
__end_of_I2C_Write        text18       00AC
__end_of_Lcd_Clear        text29       009E
__end_of_Lcd_Cmd          text30       00F9
__end_of_Lcd_Init         text28       054F
__end_of_Lcd_Port         text31       0155
__end_of_Lcd_Set_Cursor   text27       0657
__end_of_Lcd_Write_Char   text26       020D
__end_of_Lcd_Write_String text25       02F7
__end_of___lwdiv          text10       033B
__end_of___lwmod          text9        02B5
__end_of___wmul           text24       017A
__end_of__initialization  cinit        07FC
__end_of__stringtab       strings      0013
__end_of_atoi             text22       05CA
__end_of_configuracion    text7        04E9
__end_of_convertirFecha   text21       0244
__end_of_convertirHora    text6        027B
__end_of_dpowers          strings      001D
__end_of_enviar_fecha     text17       01A9
__end_of_enviar_hora      text5        01D8
__end_of_isdigit          text23       00CC
__end_of_leer_fecha       text12       0384
__end_of_leer_hora        text4        03CD
__end_of_main             maintext     07E6
__end_of_mostrar_fecha    text11       042B
__end_of_mostrar_hora     text3        0489
__end_of_setup            text1        0114
__end_of_sprintf          text8        0718
__initialization          cinit        07E6
__pbssBANK0               bssBANK0     0020
__pcstackBANK0            cstackBANK0  003D
__pcstackCOMMON           cstackCOMMON 0070
__pdataBANK0              dataBANK0    0051
__pidataBANK0             idataBANK0   00AC
__pmaintext               maintext     0718
__pstrings                strings      0003
__ptext1                  text1        00F9
__ptext10                 text10       02F7
__ptext11                 text11       03CD
__ptext12                 text12       033B
__ptext13                 text13       0066
__ptext14                 text14       0086
__ptext15                 text15       007B
__ptext16                 text16       0070
__ptext17                 text17       017A
__ptext18                 text18       009E
__ptext19                 text19       005C
__ptext2                  text2        0114
__ptext20                 text20       0052
__ptext21                 text21       020D
__ptext22                 text22       054F
__ptext23                 text23       00BA
__ptext24                 text24       0155
__ptext25                 text25       02B5
__ptext26                 text26       01D8
__ptext27                 text27       05CA
__ptext28                 text28       04E9
__ptext29                 text29       0091
__ptext3                  text3        042B
__ptext30                 text30       00DF
__ptext31                 text31       0133
__ptext4                  text4        0384
__ptext5                  text5        01A9
__ptext6                  text6        0244
__ptext7                  text7        0489
__ptext8                  text8        0657
__ptext9                  text9        027B
__stringbase              strings      0012
__stringtab               strings      0003
_anio                     bssBANK0     0022
_atoi                     text22       054F
_buffer                   bssBANK0     0029
_caso                     bssBANK0     0020
_configuracion            text7        0489
_convertirFecha           text21       020D
_convertirHora            text6        0244
_dia                      bssBANK0     0024
_dpowers                  strings      0013
_enviar_fecha             text17       017A
_enviar_hora              text5        01A9
_hora                     bssBANK0     0025
_isdigit                  text23       00BA
_isdigit$888              cstackCOMMON 0070
_leer_fecha               text12       033B
_leer_hora                text4        0384
_main                     maintext     0718
_mes                      bssBANK0     0023
_min                      bssBANK0     0026
_mostrar_fecha            text11       03CD
_mostrar_hora             text3        042B
_sec                      bssBANK0     0027
_setup                    text1        00F9
_sprintf                  text8        0657
atoi@a                    cstackCOMMON 007B
atoi@s                    cstackCOMMON 007D
atoi@sign                 cstackCOMMON 007A
btemp                     (abs)        007E
clear_ram0                clrtext      004A
configuracion@num         cstackBANK0  004C
convertirFecha@i          cstackCOMMON 0071
convertirHora@i           cstackCOMMON 0071
end_of_initialization     cinit        07FC
init_fetch0               inittext     00CC
init_ram0                 inittext     00D0
intlevel0                 functab      0000
intlevel1                 functab      0000
intlevel2                 functab      0000
intlevel3                 functab      0000
intlevel4                 functab      0000
intlevel5                 functab      0000
isdigit@c                 cstackCOMMON 0071
reset_vec                 reset_vec    0000
sprintf@ap                cstackBANK0  0044
sprintf@c                 cstackBANK0  0049
sprintf@f                 cstackBANK0  003D
sprintf@flag              cstackBANK0  0043
sprintf@prec              cstackBANK0  0047
sprintf@sp                cstackBANK0  0048
sprintf@val               cstackBANK0  0045
start                     init         0000
start_initialization      cinit        07E6
wtemp0                    (abs)        007E


MODULE INFORMATION

Module		Function		Class		Link	Load	Size
I2C.c
		_I2C_Init_Master		CODE           	0114	0000	31
		_I2C_Write     		CODE           	009E	0000	14
		_I2C_Stop      		CODE           	005C	0000	10
		_I2C_Read      		CODE           	0086	0000	11
		_I2C_Ack       		CODE           	0070	0000	11
		_I2C_Nack      		CODE           	007B	0000	11
		_I2C_Start     		CODE           	0052	0000	10
		_I2C_Restart   		CODE           	0066	0000	10

I2C.c estimated size: 108

C:\Program Files\Microchip\xc8\v2.40\pic\sources\c90\common\atoi.c
		_atoi          		CODE           	054F	0000	123

C:\Program Files\Microchip\xc8\v2.40\pic\sources\c90\common\atoi.c estimated size: 123

C:\Program Files\Microchip\xc8\v2.40\pic\sources\c90\common\doprnt.c
		_sprintf       		CODE           	0657	0000	193

C:\Program Files\Microchip\xc8\v2.40\pic\sources\c90\common\doprnt.c estimated size: 193

C:\Program Files\Microchip\xc8\v2.40\pic\sources\c90\common\Umul16.c
		___wmul        		CODE           	0155	0000	37

C:\Program Files\Microchip\xc8\v2.40\pic\sources\c90\common\Umul16.c estimated size: 37

C:\Program Files\Microchip\xc8\v2.40\pic\sources\c90\common\lwmod.c
		___lwmod       		CODE           	027B	0000	58

C:\Program Files\Microchip\xc8\v2.40\pic\sources\c90\common\lwmod.c estimated size: 58

shared
		__stringtab    		STRING         	0003	0000	16
		_dpowers       		STRING         	0013	0000	10
		__initialization		CODE           	07E6	0000	22

shared estimated size: 48

master.c
		_mostrar_hora  		CODE           	042B	0000	94
		_leer_hora     		CODE           	0384	0000	73
		_convertirFecha		CODE           	020D	0000	55
		_mostrar_fecha 		CODE           	03CD	0000	94
		_configuracion 		CODE           	0489	0000	96
		_main          		CODE           	0718	0000	206
		_leer_fecha    		CODE           	033B	0000	73
		_setup         		CODE           	00F9	0000	27
		_enviar_hora   		CODE           	01A9	0000	47
		_convertirHora 		CODE           	0244	0000	55
		_enviar_fecha  		CODE           	017A	0000	47

master.c estimated size: 867

C:\Program Files\Microchip\xc8\v2.40\pic\sources\c90\common\isdigit.c
		_isdigit       		CODE           	00BA	0000	18

C:\Program Files\Microchip\xc8\v2.40\pic\sources\c90\common\isdigit.c estimated size: 18

C:\Program Files\Microchip\xc8\v2.40\pic\sources\c90\common\lwdiv.c
		___lwdiv       		CODE           	02F7	0000	68

C:\Program Files\Microchip\xc8\v2.40\pic\sources\c90\common\lwdiv.c estimated size: 68

LCD.c
		_Lcd_Write_String		CODE           	02B5	0000	66
		_Lcd_Init      		CODE           	04E9	0000	102
		_Lcd_Write_Char		CODE           	01D8	0000	53
		_Lcd_Cmd       		CODE           	00DF	0000	26
		_Lcd_Set_Cursor		CODE           	05CA	0000	141
		_Lcd_Clear     		CODE           	0091	0000	13
		_Lcd_Port      		CODE           	0133	0000	34

LCD.c estimated size: 435

