Microchip MPLAB XC8 Compiler V2.40

Linker command line:

-W-3 \
  --edf=C:\Program Files\Microchip\xc8\v2.40\pic\dat\20220703182018_en.msgs \
  -cn -h+dist/default/production\Lab4-Slaver.X.production.sym \
  --cmf=dist/default/production\Lab4-Slaver.X.production.cmf -z -Q16F887 \
  -oC:\Users\miche\AppData\Local\Temp\xcAs6ho.4 --defsym=__MPLAB_BUILD=1 \
  --fixupoverflow=error \
  -Mdist/default/production/Lab4-Slaver.X.production.map \
  --md=C:\Users\miche\AppData\Local\Temp\xcAs6ho.dat -E1 -ver=XC8 Compiler \
  --acfsm=1493 -ACODE=00h-07FFhx4 -ASTRCODE=00h-01FFFh -ASTRING=00h-0FFhx32 \
  -ACONST=00h-0FFhx32 -AENTRY=00h-0FFhx32 -ACOMMON=070h-07Fh \
  -ABANK0=020h-06Fh -ABANK1=0A0h-0EFh -ABANK2=0110h-016Fh \
  -ABANK3=0190h-01EFh -ARAM=020h-06Fh,0A0h-0EFh,0110h-016Fh,0190h-01EFh \
  -AABS1=020h-07Fh,0A0h-0EFh,0110h-016Fh,0190h-01EFh -ASFR0=00h-01Fh \
  -ASFR1=080h-09Fh -ASFR2=0100h-010Fh -ASFR3=0180h-018Fh \
  -ACONFIG=02007h-02008h -DCONFIG=2 -AIDLOC=02000h-02003h -DIDLOC=2 \
  -AEEDATA=00h-0FFh/02100h -peeprom_data=EEDATA -DEEDATA=2 -DCODE=2 \
  -DSTRCODE=2 -DSTRING=2 -DCONST=2 -DENTRY=2 \
  -preset_vec=00h,intentry=04h,init,end_init -ppowerup=CODE -pcinit=CODE \
  -pfunctab=ENTRY -k C:\Users\miche\AppData\Local\Temp\xcAs6ho.o \
  dist/default/production\Lab4-Slaver.X.production.o 

Object code version is 3.11

Machine type is 16F887



                Name                               Link     Load   Length Selector   Space Scale
C:\Users\miche\AppData\Local\Temp\xcAs6ho.o
                end_init                              C        C        3        8       0
                reset_vec                             0        0        3        0       0
                config                             2007     2007        2        0       4
                idloc                              2000     2000        4        0       5
dist/default/production\Lab4-Slaver.X.production.o
                cinit                                 F        F        4        8       0
                intentry                              4        4        8        8       0
                config                             2007     2007        2        0       4
                idloc                              2000     2000        4        0       5
                text9                               10E      10E        9        8       0
                text8                                B2       B2       16        8       0
                text7                                C8       C8       15        8       0
                text6                                F0       F0       13        8       0
                text5                                13       13       31        8       0
                text4                               103      103        B        8       0
                text3                                6B       6B       27        8       0
                text2                                92       92       20        8       0
                text1                                DD       DD       13        8       0
                maintext                             44       44       27        8       0
                cstackBANK0                          20       20        8       20       1
                cstackCOMMON                         70       70        7       70       1
                nvCOMMON                             77       77        1       70       1

TOTAL           Name                               Link     Load   Length     Space
        CLASS   CODE           
                end_init                              C        C        3         0
                cinit                                 F        F        4         0
                intentry                              4        4        8         0
                reset_vec                             0        0        3         0
                text9                               10E      10E        9         0
                text8                                B2       B2       16         0
                text7                                C8       C8       15         0
                text6                                F0       F0       13         0
                text5                                13       13       31         0
                text4                               103      103        B         0
                text3                                6B       6B       27         0
                text2                                92       92       20         0
                text1                                DD       DD       13         0
                maintext                             44       44       27         0

        CLASS   STRCODE        

        CLASS   STRING         

        CLASS   CONST          

        CLASS   ENTRY          

        CLASS   COMMON         
                cstackCOMMON                         70       70        7         1
                nvCOMMON                             77       77        1         1

        CLASS   BANK0          
                cstackBANK0                          20       20        8         1

        CLASS   BANK1          

        CLASS   BANK2          

        CLASS   BANK3          

        CLASS   RAM            

        CLASS   ABS1           
                abs_s1                               7E       7E        2         1

        CLASS   SFR0           

        CLASS   SFR1           

        CLASS   SFR2           

        CLASS   SFR3           

        CLASS   CONFIG         
                config                             2007     2007        2         4

        CLASS   IDLOC          
                idloc                              2000     2000        4         5

        CLASS   EEDATA         

        CLASS   STACK          



SEGMENTS        Name                           Load    Length   Top    Selector   Space  Class     Delta

                reset_vec                      000000  000003  000003         0       0  CODE        2
                intentry                       000004  000113  000117         8       0  CODE        2
                cstackBANK0                    000020  000008  000028        20       1  BANK0       1
                cstackCOMMON                   000070  000008  000078        70       1  COMMON      1


UNUSED ADDRESS RANGES

        Name                Unused          Largest block    Delta
        BANK0            0028-006F             48           1
        BANK1            00A0-00EF             50           1
        BANK2            0110-016F             60           1
        BANK3            0190-01EF             60           1
        CODE             0003-0003              1           2
                         0117-1FFF            800
        COMMON           0078-007D              6           1
        CONST            0003-0003              1           2
                         0117-1FFF            100
        EEDATA           2100-21FF            100           2
        ENTRY            0003-0003              1           2
                         0117-1FFF            100
        RAM              0028-006F             48           1
                         00A0-00EF             50
                         0110-016F             60
                         0190-01EF             60
        SFR0             0000-001F             20           1
        SFR1             0080-009F             20           1
        SFR2             0100-010F             10           1
        SFR3             0180-018F             10           1
        STRCODE          0003-0003              1           2
                         0117-1FFF           1EE9
        STRING           0003-0003              1           2
                         0117-1FFF            100

                                  Symbol Table

?_ADC_Read               cstackBANK0  0020
?_I2C_Error_Read         cstackCOMMON 0070
?_I2C_Read_Mode          cstackCOMMON 0070
ADC_Init@p_ang           cstackBANK0  0020
ADC_Read@ch              cstackBANK0  0024
I2C_Init_Slave@add_slave cstackBANK0  0020
I2C_Write_Slave@dato_i2c cstackCOMMON 0070
_ADCON0                  (abs)        001F
_ADCON0bits              (abs)        001F
_ADCON1                  (abs)        009F
_ADC_Init                text4        0103
_ADC_Read                text3        006B
_ADRESH                  (abs)        001E
_ANSELH                  (abs)        0189
_ANSELbits               (abs)        0188
_BF                      (abs)        04A0
_I2C_Error_Data          text9        010E
_I2C_Error_Read          text8        00B2
_I2C_Error_Read$371      cstackCOMMON 0074
_I2C_Init_Slave          text2        0092
_I2C_Read_Mode           text7        00C8
_I2C_Read_Mode$383       cstackCOMMON 0074
_I2C_Write_Slave         text6        00F0
_INTCONbits              (abs)        000B
_PIE1bits                (abs)        008C
_PIR1bits                (abs)        000C
_PORTB                   (abs)        0006
_PORTD                   (abs)        0008
_SSPADD                  (abs)        0093
_SSPBUF                  (abs)        0013
_SSPCON                  (abs)        0014
_SSPCON2                 (abs)        0091
_SSPCONbits              (abs)        0014
_SSPSTAT                 (abs)        0094
_SSPSTATbits             (abs)        0094
_TRISB                   (abs)        0086
_TRISCbits               (abs)        0087
_TRISD                   (abs)        0088
__Habs1                  abs1         0000
__Hbank0                 bank0        0000
__Hbank1                 bank1        0000
__Hbank2                 bank2        0000
__Hbank3                 bank3        0000
__Hcinit                 cinit        0013
__Hclrtext               clrtext      0000
__Hcode                  code         0000
__Hcommon                common       0000
__Hconfig                config       2009
__HcstackBANK0           cstackBANK0  0000
__HcstackCOMMON          cstackCOMMON 0000
__Heeprom_data           eeprom_data  0000
__Hend_init              end_init     000F
__Hfunctab               functab      0000
__Hidloc                 idloc        2004
__Hinit                  init         000C
__Hintentry              intentry     000C
__Hmaintext              maintext     0000
__HnvCOMMON              nvCOMMON     0000
__Hpowerup               powerup      0000
__Hram                   ram          0000
__Hreset_vec             reset_vec    0003
__Hsfr0                  sfr0         0000
__Hsfr1                  sfr1         0000
__Hsfr2                  sfr2         0000
__Hsfr3                  sfr3         0000
__Hspace_0               (abs)        0117
__Hspace_1               (abs)        0078
__Hspace_2               (abs)        0000
__Hspace_3               (abs)        0000
__Hspace_4               (abs)        4010
__Hstack                 stack        0000
__Hstrings               strings      0000
__Htext                  text         0000
__Labs1                  abs1         0000
__Lbank0                 bank0        0000
__Lbank1                 bank1        0000
__Lbank2                 bank2        0000
__Lbank3                 bank3        0000
__Lcinit                 cinit        000F
__Lclrtext               clrtext      0000
__Lcode                  code         0000
__Lcommon                common       0000
__Lconfig                config       0000
__LcstackBANK0           cstackBANK0  0000
__LcstackCOMMON          cstackCOMMON 0000
__Leeprom_data           eeprom_data  0000
__Lend_init              end_init     000C
__Lfunctab               functab      0000
__Lidloc                 idloc        0000
__Linit                  init         000C
__Lintentry              intentry     0004
__Lmaintext              maintext     0000
__LnvCOMMON              nvCOMMON     0000
__Lpowerup               powerup      0000
__Lram                   ram          0000
__Lreset_vec             reset_vec    0000
__Lsfr0                  sfr0         0000
__Lsfr1                  sfr1         0000
__Lsfr2                  sfr2         0000
__Lsfr3                  sfr3         0000
__Lspace_0               (abs)        0000
__Lspace_1               (abs)        0000
__Lspace_2               (abs)        0000
__Lspace_3               (abs)        0000
__Lspace_4               (abs)        0000
__Lstack                 stack        0000
__Lstrings               strings      0000
__Ltext                  text         0000
__S0                     (abs)        0117
__S1                     (abs)        0078
__S3                     (abs)        0000
___int_sp                stack        0000
___latbits               (abs)        0002
___sp                    stack        0000
___stackhi               (abs)        0000
___stacklo               (abs)        0000
__end_of_ADC_Init        text4        010E
__end_of_ADC_Read        text3        0092
__end_of_I2C_Error_Data  text9        0117
__end_of_I2C_Error_Read  text8        00C8
__end_of_I2C_Init_Slave  text2        00B2
__end_of_I2C_Read_Mode   text7        00DD
__end_of_I2C_Write_Slave text6        0103
__end_of__initialization cinit        000F
__end_of_isr             text5        0044
__end_of_main            maintext     006B
__end_of_setup           text1        00F0
__initialization         cinit        000F
__pcstackBANK0           cstackBANK0  0020
__pcstackCOMMON          cstackCOMMON 0070
__pintentry              intentry     0004
__pmaintext              maintext     0044
__pnvCOMMON              nvCOMMON     0077
__ptext1                 text1        00DD
__ptext2                 text2        0092
__ptext3                 text3        006B
__ptext4                 text4        0103
__ptext5                 text5        0013
__ptext6                 text6        00F0
__ptext7                 text7        00C8
__ptext8                 text8        00B2
__ptext9                 text9        010E
_dato_adc                nvCOMMON     0077
_isr                     text5        0013
_main                    maintext     0044
_setup                   text1        00DD
btemp                    (abs)        007E
end_of_initialization    cinit        000F
interrupt_function       intentry     0004
intlevel0                functab      0000
intlevel1                functab      0000
intlevel2                functab      0000
intlevel3                functab      0000
intlevel4                functab      0000
intlevel5                functab      0000
reset_vec                reset_vec    0000
saved_w                  (abs)        007E
start                    init         000C
start_initialization     cinit        000F
wtemp0                   (abs)        007E


MODULE INFORMATION

Module		Function		Class		Link	Load	Size
I2C.c
		_I2C_Read_Mode 		CODE           	00C8	0000	21
		_I2C_Error_Read		CODE           	00B2	0000	22
		_I2C_Error_Data		CODE           	010E	0000	9
		_I2C_Init_Slave		CODE           	0092	0000	32
		_I2C_Write_Slave		CODE           	00F0	0000	19

I2C.c estimated size: 103

slave.c
		_main          		CODE           	0044	0000	39
		_isr           		CODE           	0013	0000	49
		_setup         		CODE           	00DD	0000	19

slave.c estimated size: 107

shared
		__initialization		CODE           	000F	0000	1

shared estimated size: 1

ADC.c
		_ADC_Read      		CODE           	006B	0000	39
		_ADC_Init      		CODE           	0103	0000	11

ADC.c estimated size: 50

